test

Zmiany w pliku

Zmiany w pliku 2